Component: ARM Compiler 5.06 update 6 (build 750) Tool: armlink [4d35ed]

==============================================================================

Section Cross References

    game.o(RESET) refers to game.o(MYCODE) for Reset_Handler


==============================================================================

Image Symbol Table

    Local Symbols

    Symbol Name                              Value     Ov Type        Size  Object(Section)

    Game.s                                   0x00000000   Number         0  game.o ABSOLUTE
    RESET                                    0x08000000   Section        8  game.o(RESET)
    MYCODE                                   0x08000008   Section     1244  game.o(MYCODE)
    WaitingForPlayer                         0x08000031   Thumb Code   188  game.o(MYCODE)
    PlayGame                                 0x080000ed   Thumb Code    70  game.o(MYCODE)
    GetState                                 0x08000135   Thumb Code    52  game.o(MYCODE)
    GameWon                                  0x08000169   Thumb Code    86  game.o(MYCODE)
    GameLost                                 0x080001c1   Thumb Code   126  game.o(MYCODE)
    LED_Blink2                               0x08000241   Thumb Code   100  game.o(MYCODE)
    LED_Blink1                               0x080002a5   Thumb Code    88  game.o(MYCODE)
    WaitForButtonRelease                     0x080002fd   Thumb Code    18  game.o(MYCODE)
    Get_Buttons                              0x08000311   Thumb Code    46  game.o(MYCODE)
    GetRTCCountVal                           0x08000341   Thumb Code    16  game.o(MYCODE)
    Random_LED                               0x08000351   Thumb Code    74  game.o(MYCODE)
    TurnOnLED                                0x0800039d   Thumb Code     6  game.o(MYCODE)
    LED_OFF                                  0x080003a5   Thumb Code    10  game.o(MYCODE)
    Delay                                    0x080003b1   Thumb Code    22  game.o(MYCODE)
    GPIO_ClockInit                           0x080003c9   Thumb Code    12  game.o(MYCODE)
    GPIO_init                                0x080003d5   Thumb Code    42  game.o(MYCODE)
    RTC_init                                 0x08000401   Thumb Code    98  game.o(MYCODE)
    ChangeOrderOfBits                        0x08000465   Thumb Code    56  game.o(MYCODE)

    Global Symbols

    Symbol Name                              Value     Ov Type        Size  Object(Section)

    BuildAttributes$$THM_ISAv4$P$D$K$B$S$PE$A:L22UL41UL21$X:L11$S22US41US21$IEEE1$IW$USESV6$~STKCKD$USESV7$~SHL$OSPACE$EBA8$STANDARDLIB$PRES8$EABIv2 0x00000000   Number         0  anon$$obj.o ABSOLUTE
    __Vectors                                0x08000000   Data           4  game.o(RESET)
    Reset_Handler                            0x08000009   Thumb Code    38  game.o(MYCODE)



==============================================================================

Memory Map of the image

  Image Entry point : 0x08000009

  Load Region LR_1 (Base: 0x08000000, Size: 0x000004e4, Max: 0xffffffff, ABSOLUTE)

    Execution Region ER_RO (Exec base: 0x08000000, Load base: 0x08000000, Size: 0x000004e4, Max: 0xffffffff, ABSOLUTE)

    Exec Addr    Load Addr    Size         Type   Attr      Idx    E Section Name        Object

    0x08000000   0x08000000   0x00000008   Data   RO            1    RESET               game.o
    0x08000008   0x08000008   0x000004dc   Code   RO            2  * MYCODE              game.o


    Execution Region ER_RW (Exec base: 0x20000000, Load base: 0x080004e4, Size: 0x00000000, Max: 0xffffffff, ABSOLUTE)

    **** No section assigned to this execution region ****


    Execution Region ER_ZI (Exec base: 0x20000000, Load base: 0x080004e4, Size: 0x00000000, Max: 0xffffffff, ABSOLUTE)

    **** No section assigned to this execution region ****


==============================================================================

Image component sizes


      Code (inc. data)   RO Data    RW Data    ZI Data      Debug   Object Name

      1244         96          8          0          0       1544   game.o

    ----------------------------------------------------------------------
      1244         96          8          0          0       1544   Object Totals
         0          0          0          0          0          0   (incl. Generated)
         0          0          0          0          0          0   (incl. Padding)

    ----------------------------------------------------------------------
         0          0          0          0          0          0   Library Totals
         0          0          0          0          0          0   (incl. Padding)

    ----------------------------------------------------------------------

==============================================================================


      Code (inc. data)   RO Data    RW Data    ZI Data      Debug   

      1244         96          8          0          0       1544   Grand Totals
      1244         96          8          0          0       1544   ELF Image Totals
      1244         96          8          0          0          0   ROM Totals

==============================================================================

    Total RO  Size (Code + RO Data)                 1252 (   1.22kB)
    Total RW  Size (RW Data + ZI Data)                 0 (   0.00kB)
    Total ROM Size (Code + RO Data + RW Data)       1252 (   1.22kB)

==============================================================================

