<!doctype html public "-//w3c//dtd html 4.0 transitional//en">
<html><head>
<title>Static Call Graph - [.\Objects\Game.axf]</title></head>
<body><HR>
<H1>Static Call Graph for image .\Objects\Game.axf</H1><HR>
<BR><P>#&#060CALLGRAPH&#062# ARM Linker, 5060750: Last Updated: Thu Dec 06 14:48:55 2018
<BR><P>
<H3>Maximum Stack Usage =          0 bytes + Unknown(Cycles, Untraceable Function Pointers)</H3><H3>
Call chain for Maximum Stack Depth:</H3>

<P>
<H3>
Mutually Recursive functions
</H3> <LI><a href="#[9]">WaitForButtonRelease</a>&nbsp;&nbsp;&nbsp;&rArr;&nbsp;&nbsp;&nbsp;<a href="#[9]">WaitForButtonRelease</a><BR>
 <LI><a href="#[3]">PlayGame</a>&nbsp;&nbsp;&nbsp;&rArr;&nbsp;&nbsp;&nbsp;<a href="#[3]">PlayGame</a><BR>
</UL>
<P>
<H3>
Function Pointers
</H3><UL>
 <LI><a href="#[1]">Reset_Handler</a> from game.o(MYCODE) referenced from game.o(RESET)
</UL>
<P>
<H3>
Global Symbols
</H3>
<P><STRONG><a name="[1]"></a>Reset_Handler</STRONG> (Thumb, 38 bytes, Stack size 0 bytes, game.o(MYCODE))
<BR><BR>[Calls]<UL><LI><a href="#[12]">&gt;&gt;</a>&nbsp;&nbsp;&nbsp;RTC_init
<LI><a href="#[11]">&gt;&gt;</a>&nbsp;&nbsp;&nbsp;GPIO_init
<LI><a href="#[10]">&gt;&gt;</a>&nbsp;&nbsp;&nbsp;GPIO_ClockInit
<LI><a href="#[e]">&gt;&gt;</a>&nbsp;&nbsp;&nbsp;LED_OFF
<LI><a href="#[3]">&gt;&gt;</a>&nbsp;&nbsp;&nbsp;PlayGame
<LI><a href="#[2]">&gt;&gt;</a>&nbsp;&nbsp;&nbsp;WaitingForPlayer
</UL>
<P>
<H3>
Local Symbols
</H3>
<P><STRONG><a name="[2]"></a>WaitingForPlayer</STRONG> (Thumb, 188 bytes, Stack size 0 bytes, game.o(MYCODE))
<BR><BR>[Calls]<UL><LI><a href="#[f]">&gt;&gt;</a>&nbsp;&nbsp;&nbsp;Delay
<LI><a href="#[e]">&gt;&gt;</a>&nbsp;&nbsp;&nbsp;LED_OFF
<LI><a href="#[d]">&gt;&gt;</a>&nbsp;&nbsp;&nbsp;TurnOnLED
<LI><a href="#[a]">&gt;&gt;</a>&nbsp;&nbsp;&nbsp;Get_Buttons
<LI><a href="#[9]">&gt;&gt;</a>&nbsp;&nbsp;&nbsp;WaitForButtonRelease
</UL>
<BR>[Called By]<UL><LI><a href="#[1]">&gt;&gt;</a>&nbsp;&nbsp;&nbsp;Reset_Handler
</UL>

<P><STRONG><a name="[3]"></a>PlayGame</STRONG> (Thumb, 70 bytes, Stack size 0 bytes, game.o(MYCODE))
<BR><BR>[Calls]<UL><LI><a href="#[f]">&gt;&gt;</a>&nbsp;&nbsp;&nbsp;Delay
<LI><a href="#[e]">&gt;&gt;</a>&nbsp;&nbsp;&nbsp;LED_OFF
<LI><a href="#[c]">&gt;&gt;</a>&nbsp;&nbsp;&nbsp;Random_LED
<LI><a href="#[5]">&gt;&gt;</a>&nbsp;&nbsp;&nbsp;GameWon
<LI><a href="#[4]">&gt;&gt;</a>&nbsp;&nbsp;&nbsp;GetState
<LI><a href="#[3]">&gt;&gt;</a>&nbsp;&nbsp;&nbsp;PlayGame
</UL>
<BR>[Called By]<UL><LI><a href="#[1]">&gt;&gt;</a>&nbsp;&nbsp;&nbsp;Reset_Handler
<LI><a href="#[3]">&gt;&gt;</a>&nbsp;&nbsp;&nbsp;PlayGame
</UL>

<P><STRONG><a name="[4]"></a>GetState</STRONG> (Thumb, 52 bytes, Stack size 0 bytes, game.o(MYCODE))
<BR><BR>[Calls]<UL><LI><a href="#[e]">&gt;&gt;</a>&nbsp;&nbsp;&nbsp;LED_OFF
<LI><a href="#[b]">&gt;&gt;</a>&nbsp;&nbsp;&nbsp;GetRTCCountVal
<LI><a href="#[a]">&gt;&gt;</a>&nbsp;&nbsp;&nbsp;Get_Buttons
<LI><a href="#[6]">&gt;&gt;</a>&nbsp;&nbsp;&nbsp;GameLost
</UL>
<BR>[Called By]<UL><LI><a href="#[3]">&gt;&gt;</a>&nbsp;&nbsp;&nbsp;PlayGame
</UL>

<P><STRONG><a name="[5]"></a>GameWon</STRONG> (Thumb, 86 bytes, Stack size 0 bytes, game.o(MYCODE))
<BR><BR>[Calls]<UL><LI><a href="#[f]">&gt;&gt;</a>&nbsp;&nbsp;&nbsp;Delay
<LI><a href="#[e]">&gt;&gt;</a>&nbsp;&nbsp;&nbsp;LED_OFF
<LI><a href="#[d]">&gt;&gt;</a>&nbsp;&nbsp;&nbsp;TurnOnLED
<LI><a href="#[b]">&gt;&gt;</a>&nbsp;&nbsp;&nbsp;GetRTCCountVal
<LI><a href="#[a]">&gt;&gt;</a>&nbsp;&nbsp;&nbsp;Get_Buttons
<LI><a href="#[9]">&gt;&gt;</a>&nbsp;&nbsp;&nbsp;WaitForButtonRelease
</UL>
<BR>[Called By]<UL><LI><a href="#[3]">&gt;&gt;</a>&nbsp;&nbsp;&nbsp;PlayGame
</UL>

<P><STRONG><a name="[6]"></a>GameLost</STRONG> (Thumb, 126 bytes, Stack size 0 bytes, game.o(MYCODE))
<BR><BR>[Calls]<UL><LI><a href="#[13]">&gt;&gt;</a>&nbsp;&nbsp;&nbsp;ChangeOrderOfBits
<LI><a href="#[f]">&gt;&gt;</a>&nbsp;&nbsp;&nbsp;Delay
<LI><a href="#[e]">&gt;&gt;</a>&nbsp;&nbsp;&nbsp;LED_OFF
<LI><a href="#[d]">&gt;&gt;</a>&nbsp;&nbsp;&nbsp;TurnOnLED
<LI><a href="#[b]">&gt;&gt;</a>&nbsp;&nbsp;&nbsp;GetRTCCountVal
<LI><a href="#[a]">&gt;&gt;</a>&nbsp;&nbsp;&nbsp;Get_Buttons
<LI><a href="#[9]">&gt;&gt;</a>&nbsp;&nbsp;&nbsp;WaitForButtonRelease
<LI><a href="#[8]">&gt;&gt;</a>&nbsp;&nbsp;&nbsp;LED_Blink1
<LI><a href="#[7]">&gt;&gt;</a>&nbsp;&nbsp;&nbsp;LED_Blink2
</UL>
<BR>[Called By]<UL><LI><a href="#[4]">&gt;&gt;</a>&nbsp;&nbsp;&nbsp;GetState
</UL>

<P><STRONG><a name="[7]"></a>LED_Blink2</STRONG> (Thumb, 100 bytes, Stack size 0 bytes, game.o(MYCODE))
<BR><BR>[Calls]<UL><LI><a href="#[f]">&gt;&gt;</a>&nbsp;&nbsp;&nbsp;Delay
<LI><a href="#[e]">&gt;&gt;</a>&nbsp;&nbsp;&nbsp;LED_OFF
<LI><a href="#[d]">&gt;&gt;</a>&nbsp;&nbsp;&nbsp;TurnOnLED
<LI><a href="#[b]">&gt;&gt;</a>&nbsp;&nbsp;&nbsp;GetRTCCountVal
<LI><a href="#[a]">&gt;&gt;</a>&nbsp;&nbsp;&nbsp;Get_Buttons
<LI><a href="#[9]">&gt;&gt;</a>&nbsp;&nbsp;&nbsp;WaitForButtonRelease
</UL>
<BR>[Called By]<UL><LI><a href="#[6]">&gt;&gt;</a>&nbsp;&nbsp;&nbsp;GameLost
</UL>

<P><STRONG><a name="[8]"></a>LED_Blink1</STRONG> (Thumb, 88 bytes, Stack size 0 bytes, game.o(MYCODE))
<BR><BR>[Calls]<UL><LI><a href="#[f]">&gt;&gt;</a>&nbsp;&nbsp;&nbsp;Delay
<LI><a href="#[b]">&gt;&gt;</a>&nbsp;&nbsp;&nbsp;GetRTCCountVal
<LI><a href="#[a]">&gt;&gt;</a>&nbsp;&nbsp;&nbsp;Get_Buttons
<LI><a href="#[9]">&gt;&gt;</a>&nbsp;&nbsp;&nbsp;WaitForButtonRelease
</UL>
<BR>[Called By]<UL><LI><a href="#[6]">&gt;&gt;</a>&nbsp;&nbsp;&nbsp;GameLost
</UL>

<P><STRONG><a name="[9]"></a>WaitForButtonRelease</STRONG> (Thumb, 18 bytes, Stack size 0 bytes, game.o(MYCODE))
<BR><BR>[Calls]<UL><LI><a href="#[a]">&gt;&gt;</a>&nbsp;&nbsp;&nbsp;Get_Buttons
<LI><a href="#[9]">&gt;&gt;</a>&nbsp;&nbsp;&nbsp;WaitForButtonRelease
</UL>
<BR>[Called By]<UL><LI><a href="#[9]">&gt;&gt;</a>&nbsp;&nbsp;&nbsp;WaitForButtonRelease
<LI><a href="#[8]">&gt;&gt;</a>&nbsp;&nbsp;&nbsp;LED_Blink1
<LI><a href="#[7]">&gt;&gt;</a>&nbsp;&nbsp;&nbsp;LED_Blink2
<LI><a href="#[6]">&gt;&gt;</a>&nbsp;&nbsp;&nbsp;GameLost
<LI><a href="#[5]">&gt;&gt;</a>&nbsp;&nbsp;&nbsp;GameWon
<LI><a href="#[2]">&gt;&gt;</a>&nbsp;&nbsp;&nbsp;WaitingForPlayer
</UL>

<P><STRONG><a name="[a]"></a>Get_Buttons</STRONG> (Thumb, 46 bytes, Stack size 0 bytes, game.o(MYCODE))
<BR><BR>[Called By]<UL><LI><a href="#[9]">&gt;&gt;</a>&nbsp;&nbsp;&nbsp;WaitForButtonRelease
<LI><a href="#[8]">&gt;&gt;</a>&nbsp;&nbsp;&nbsp;LED_Blink1
<LI><a href="#[7]">&gt;&gt;</a>&nbsp;&nbsp;&nbsp;LED_Blink2
<LI><a href="#[6]">&gt;&gt;</a>&nbsp;&nbsp;&nbsp;GameLost
<LI><a href="#[5]">&gt;&gt;</a>&nbsp;&nbsp;&nbsp;GameWon
<LI><a href="#[4]">&gt;&gt;</a>&nbsp;&nbsp;&nbsp;GetState
<LI><a href="#[2]">&gt;&gt;</a>&nbsp;&nbsp;&nbsp;WaitingForPlayer
</UL>

<P><STRONG><a name="[b]"></a>GetRTCCountVal</STRONG> (Thumb, 16 bytes, Stack size 0 bytes, game.o(MYCODE))
<BR><BR>[Called By]<UL><LI><a href="#[f]">&gt;&gt;</a>&nbsp;&nbsp;&nbsp;Delay
<LI><a href="#[c]">&gt;&gt;</a>&nbsp;&nbsp;&nbsp;Random_LED
<LI><a href="#[8]">&gt;&gt;</a>&nbsp;&nbsp;&nbsp;LED_Blink1
<LI><a href="#[7]">&gt;&gt;</a>&nbsp;&nbsp;&nbsp;LED_Blink2
<LI><a href="#[6]">&gt;&gt;</a>&nbsp;&nbsp;&nbsp;GameLost
<LI><a href="#[5]">&gt;&gt;</a>&nbsp;&nbsp;&nbsp;GameWon
<LI><a href="#[4]">&gt;&gt;</a>&nbsp;&nbsp;&nbsp;GetState
</UL>

<P><STRONG><a name="[c]"></a>Random_LED</STRONG> (Thumb, 74 bytes, Stack size 0 bytes, game.o(MYCODE))
<BR><BR>[Calls]<UL><LI><a href="#[d]">&gt;&gt;</a>&nbsp;&nbsp;&nbsp;TurnOnLED
<LI><a href="#[b]">&gt;&gt;</a>&nbsp;&nbsp;&nbsp;GetRTCCountVal
</UL>
<BR>[Called By]<UL><LI><a href="#[3]">&gt;&gt;</a>&nbsp;&nbsp;&nbsp;PlayGame
</UL>

<P><STRONG><a name="[d]"></a>TurnOnLED</STRONG> (Thumb, 6 bytes, Stack size 0 bytes, game.o(MYCODE))
<BR><BR>[Called By]<UL><LI><a href="#[c]">&gt;&gt;</a>&nbsp;&nbsp;&nbsp;Random_LED
<LI><a href="#[7]">&gt;&gt;</a>&nbsp;&nbsp;&nbsp;LED_Blink2
<LI><a href="#[6]">&gt;&gt;</a>&nbsp;&nbsp;&nbsp;GameLost
<LI><a href="#[5]">&gt;&gt;</a>&nbsp;&nbsp;&nbsp;GameWon
<LI><a href="#[2]">&gt;&gt;</a>&nbsp;&nbsp;&nbsp;WaitingForPlayer
</UL>

<P><STRONG><a name="[e]"></a>LED_OFF</STRONG> (Thumb, 10 bytes, Stack size 0 bytes, game.o(MYCODE))
<BR><BR>[Called By]<UL><LI><a href="#[1]">&gt;&gt;</a>&nbsp;&nbsp;&nbsp;Reset_Handler
<LI><a href="#[7]">&gt;&gt;</a>&nbsp;&nbsp;&nbsp;LED_Blink2
<LI><a href="#[6]">&gt;&gt;</a>&nbsp;&nbsp;&nbsp;GameLost
<LI><a href="#[5]">&gt;&gt;</a>&nbsp;&nbsp;&nbsp;GameWon
<LI><a href="#[4]">&gt;&gt;</a>&nbsp;&nbsp;&nbsp;GetState
<LI><a href="#[3]">&gt;&gt;</a>&nbsp;&nbsp;&nbsp;PlayGame
<LI><a href="#[2]">&gt;&gt;</a>&nbsp;&nbsp;&nbsp;WaitingForPlayer
</UL>

<P><STRONG><a name="[f]"></a>Delay</STRONG> (Thumb, 22 bytes, Stack size 0 bytes, game.o(MYCODE))
<BR><BR>[Calls]<UL><LI><a href="#[b]">&gt;&gt;</a>&nbsp;&nbsp;&nbsp;GetRTCCountVal
</UL>
<BR>[Called By]<UL><LI><a href="#[8]">&gt;&gt;</a>&nbsp;&nbsp;&nbsp;LED_Blink1
<LI><a href="#[7]">&gt;&gt;</a>&nbsp;&nbsp;&nbsp;LED_Blink2
<LI><a href="#[6]">&gt;&gt;</a>&nbsp;&nbsp;&nbsp;GameLost
<LI><a href="#[5]">&gt;&gt;</a>&nbsp;&nbsp;&nbsp;GameWon
<LI><a href="#[3]">&gt;&gt;</a>&nbsp;&nbsp;&nbsp;PlayGame
<LI><a href="#[2]">&gt;&gt;</a>&nbsp;&nbsp;&nbsp;WaitingForPlayer
</UL>

<P><STRONG><a name="[10]"></a>GPIO_ClockInit</STRONG> (Thumb, 12 bytes, Stack size 0 bytes, game.o(MYCODE))
<BR><BR>[Called By]<UL><LI><a href="#[1]">&gt;&gt;</a>&nbsp;&nbsp;&nbsp;Reset_Handler
</UL>

<P><STRONG><a name="[11]"></a>GPIO_init</STRONG> (Thumb, 42 bytes, Stack size 0 bytes, game.o(MYCODE))
<BR><BR>[Called By]<UL><LI><a href="#[1]">&gt;&gt;</a>&nbsp;&nbsp;&nbsp;Reset_Handler
</UL>

<P><STRONG><a name="[12]"></a>RTC_init</STRONG> (Thumb, 98 bytes, Stack size 0 bytes, game.o(MYCODE))
<BR><BR>[Called By]<UL><LI><a href="#[1]">&gt;&gt;</a>&nbsp;&nbsp;&nbsp;Reset_Handler
</UL>

<P><STRONG><a name="[13]"></a>ChangeOrderOfBits</STRONG> (Thumb, 56 bytes, Stack size 0 bytes, game.o(MYCODE))
<BR><BR>[Called By]<UL><LI><a href="#[6]">&gt;&gt;</a>&nbsp;&nbsp;&nbsp;GameLost
</UL>
<P>
<H3>
Undefined Global Symbols
</H3><HR></body></html>
